[19-Feb-2026 01:05:45 Europe/Berlin] PHP Warning:  require_once(C:\Users\Kezia\Desktop\Ovos-para-Todos\backend/Core/helpers.php): Failed to open stream: No such file or directory in C:\Users\Kezia\Desktop\Ovos-para-Todos\backend\index.php on line 10
[19-Feb-2026 01:05:45 Europe/Berlin] PHP Fatal error:  Uncaught Error: Failed opening required 'C:\Users\Kezia\Desktop\Ovos-para-Todos\backend/Core/helpers.php' (include_path='C:\xampp\php\PEAR') in C:\Users\Kezia\Desktop\Ovos-para-Todos\backend\index.php:10
Stack trace:
#0 {main}
  thrown in C:\Users\Kezia\Desktop\Ovos-para-Todos\backend\index.php on line 10
[19-Feb-2026 01:11:21 Europe/Berlin] PHP Warning:  require_once(C:\Users\Kezia\Desktop\Ovos-para-Todos\backend/Core/helpers.php): Failed to open stream: No such file or directory in C:\Users\Kezia\Desktop\Ovos-para-Todos\backend\index.php on line 10
[19-Feb-2026 01:11:21 Europe/Berlin] PHP Fatal error:  Uncaught Error: Failed opening required 'C:\Users\Kezia\Desktop\Ovos-para-Todos\backend/Core/helpers.php' (include_path='C:\xampp\php\PEAR') in C:\Users\Kezia\Desktop\Ovos-para-Todos\backend\index.php:10
Stack trace:
#0 {main}
  thrown in C:\Users\Kezia\Desktop\Ovos-para-Todos\backend\index.php on line 10
[19-Feb-2026 01:12:09 Europe/Berlin] PHP Warning:  require_once(C:\Users\Kezia\Desktop\Ovos-para-Todos\backend/Core/helpers.php): Failed to open stream: No such file or directory in C:\Users\Kezia\Desktop\Ovos-para-Todos\backend\index.php on line 10
[19-Feb-2026 01:12:09 Europe/Berlin] PHP Fatal error:  Uncaught Error: Failed opening required 'C:\Users\Kezia\Desktop\Ovos-para-Todos\backend/Core/helpers.php' (include_path='C:\xampp\php\PEAR') in C:\Users\Kezia\Desktop\Ovos-para-Todos\backend\index.php:10
Stack trace:
#0 {main}
  thrown in C:\Users\Kezia\Desktop\Ovos-para-Todos\backend\index.php on line 10
[19-Feb-2026 01:12:15 Europe/Berlin] PHP Warning:  require_once(C:\Users\Kezia\Desktop\Ovos-para-Todos\backend/Core/helpers.php): Failed to open stream: No such file or directory in C:\Users\Kezia\Desktop\Ovos-para-Todos\backend\index.php on line 10
[19-Feb-2026 01:12:15 Europe/Berlin] PHP Fatal error:  Uncaught Error: Failed opening required 'C:\Users\Kezia\Desktop\Ovos-para-Todos\backend/Core/helpers.php' (include_path='C:\xampp\php\PEAR') in C:\Users\Kezia\Desktop\Ovos-para-Todos\backend\index.php:10
Stack trace:
#0 {main}
  thrown in C:\Users\Kezia\Desktop\Ovos-para-Todos\backend\index.php on line 10
[19-Feb-2026 01:12:38 Europe/Berlin] PHP Warning:  require_once(C:\Users\Kezia\Desktop\Ovos-para-Todos\backend/Core/helpers.php): Failed to open stream: No such file or directory in C:\Users\Kezia\Desktop\Ovos-para-Todos\backend\index.php on line 10
[19-Feb-2026 01:12:38 Europe/Berlin] PHP Fatal error:  Uncaught Error: Failed opening required 'C:\Users\Kezia\Desktop\Ovos-para-Todos\backend/Core/helpers.php' (include_path='C:\xampp\php\PEAR') in C:\Users\Kezia\Desktop\Ovos-para-Todos\backend\index.php:10
Stack trace:
#0 {main}
  thrown in C:\Users\Kezia\Desktop\Ovos-para-Todos\backend\index.php on line 10
[19-Feb-2026 01:13:47 Europe/Berlin] PHP Warning:  require_once(C:\Users\Kezia\Desktop\Ovos-para-Todos\backend/Core/helpers.php): Failed to open stream: No such file or directory in C:\Users\Kezia\Desktop\Ovos-para-Todos\backend\index.php on line 10
[19-Feb-2026 01:13:47 Europe/Berlin] PHP Fatal error:  Uncaught Error: Failed opening required 'C:\Users\Kezia\Desktop\Ovos-para-Todos\backend/Core/helpers.php' (include_path='C:\xampp\php\PEAR') in C:\Users\Kezia\Desktop\Ovos-para-Todos\backend\index.php:10
Stack trace:
#0 {main}
  thrown in C:\Users\Kezia\Desktop\Ovos-para-Todos\backend\index.php on line 10
[19-Feb-2026 01:17:41 Europe/Berlin] PHP Warning:  require_once(C:\Users\Kezia\Desktop\Ovos-para-Todos\backend/Core/helpers.php): Failed to open stream: No such file or directory in C:\Users\Kezia\Desktop\Ovos-para-Todos\backend\index.php on line 10
[19-Feb-2026 01:17:41 Europe/Berlin] PHP Fatal error:  Uncaught Error: Failed opening required 'C:\Users\Kezia\Desktop\Ovos-para-Todos\backend/Core/helpers.php' (include_path='C:\xampp\php\PEAR') in C:\Users\Kezia\Desktop\Ovos-para-Todos\backend\index.php:10
Stack trace:
#0 {main}
  thrown in C:\Users\Kezia\Desktop\Ovos-para-Todos\backend\index.php on line 10
[19-Feb-2026 01:18:04 Europe/Berlin] PHP Warning:  require_once(C:\Users\Kezia\Desktop\Ovos-para-Todos\backend/Core/helpers.php): Failed to open stream: No such file or directory in C:\Users\Kezia\Desktop\Ovos-para-Todos\backend\index.php on line 10
[19-Feb-2026 01:18:04 Europe/Berlin] PHP Fatal error:  Uncaught Error: Failed opening required 'C:\Users\Kezia\Desktop\Ovos-para-Todos\backend/Core/helpers.php' (include_path='C:\xampp\php\PEAR') in C:\Users\Kezia\Desktop\Ovos-para-Todos\backend\index.php:10
Stack trace:
#0 {main}
  thrown in C:\Users\Kezia\Desktop\Ovos-para-Todos\backend\index.php on line 10
[25-Feb-2026 19:15:27 Europe/Berlin] PHP Warning:  require_once(C:\Users\Kezia\Desktop\Ovos-para-Todos\backend/Core/helpers.php): Failed to open stream: No such file or directory in C:\Users\Kezia\Desktop\Ovos-para-Todos\backend\index.php on line 10
[25-Feb-2026 19:15:27 Europe/Berlin] PHP Fatal error:  Uncaught Error: Failed opening required 'C:\Users\Kezia\Desktop\Ovos-para-Todos\backend/Core/helpers.php' (include_path='C:\xampp\php\PEAR') in C:\Users\Kezia\Desktop\Ovos-para-Todos\backend\index.php:10
Stack trace:
#0 {main}
  thrown in C:\Users\Kezia\Desktop\Ovos-para-Todos\backend\index.php on line 10
[25-Feb-2026 19:16:33 Europe/Berlin] PHP Warning:  require_once(C:\Users\Kezia\Desktop\Ovos-para-Todos\backend/Core/helpers.php): Failed to open stream: No such file or directory in C:\Users\Kezia\Desktop\Ovos-para-Todos\backend\index.php on line 10
[25-Feb-2026 19:16:33 Europe/Berlin] PHP Fatal error:  Uncaught Error: Failed opening required 'C:\Users\Kezia\Desktop\Ovos-para-Todos\backend/Core/helpers.php' (include_path='C:\xampp\php\PEAR') in C:\Users\Kezia\Desktop\Ovos-para-Todos\backend\index.php:10
Stack trace:
#0 {main}
  thrown in C:\Users\Kezia\Desktop\Ovos-para-Todos\backend\index.php on line 10
[25-Feb-2026 19:34:17 Europe/Berlin] PHP Warning:  require_once(C:\Users\Kezia\Desktop\Ovos-para-Todos\backend/Core/helpers.php): Failed to open stream: No such file or directory in C:\Users\Kezia\Desktop\Ovos-para-Todos\backend\index.php on line 10
[25-Feb-2026 19:34:17 Europe/Berlin] PHP Fatal error:  Uncaught Error: Failed opening required 'C:\Users\Kezia\Desktop\Ovos-para-Todos\backend/Core/helpers.php' (include_path='C:\xampp\php\PEAR') in C:\Users\Kezia\Desktop\Ovos-para-Todos\backend\index.php:10
Stack trace:
#0 {main}
  thrown in C:\Users\Kezia\Desktop\Ovos-para-Todos\backend\index.php on line 10
[25-Feb-2026 19:34:19 Europe/Berlin] PHP Warning:  require_once(C:\Users\Kezia\Desktop\Ovos-para-Todos\backend/Core/helpers.php): Failed to open stream: No such file or directory in C:\Users\Kezia\Desktop\Ovos-para-Todos\backend\index.php on line 10
[25-Feb-2026 19:34:19 Europe/Berlin] PHP Fatal error:  Uncaught Error: Failed opening required 'C:\Users\Kezia\Desktop\Ovos-para-Todos\backend/Core/helpers.php' (include_path='C:\xampp\php\PEAR') in C:\Users\Kezia\Desktop\Ovos-para-Todos\backend\index.php:10
Stack trace:
#0 {main}
  thrown in C:\Users\Kezia\Desktop\Ovos-para-Todos\backend\index.php on line 10
[25-Feb-2026 19:34:28 Europe/Berlin] PHP Warning:  require_once(C:\Users\Kezia\Desktop\Ovos-para-Todos\backend/Core/helpers.php): Failed to open stream: No such file or directory in C:\Users\Kezia\Desktop\Ovos-para-Todos\backend\index.php on line 10
[25-Feb-2026 19:34:28 Europe/Berlin] PHP Fatal error:  Uncaught Error: Failed opening required 'C:\Users\Kezia\Desktop\Ovos-para-Todos\backend/Core/helpers.php' (include_path='C:\xampp\php\PEAR') in C:\Users\Kezia\Desktop\Ovos-para-Todos\backend\index.php:10
Stack trace:
#0 {main}
  thrown in C:\Users\Kezia\Desktop\Ovos-para-Todos\backend\index.php on line 10
[25-Feb-2026 19:51:43 Europe/Berlin] PHP Warning:  require_once(C:\Users\Kezia\Desktop\Ovos-para-Todos\backend/Core/helpers.php): Failed to open stream: No such file or directory in C:\Users\Kezia\Desktop\Ovos-para-Todos\backend\index.php on line 10
[25-Feb-2026 19:51:43 Europe/Berlin] PHP Fatal error:  Uncaught Error: Failed opening required 'C:\Users\Kezia\Desktop\Ovos-para-Todos\backend/Core/helpers.php' (include_path='C:\xampp\php\PEAR') in C:\Users\Kezia\Desktop\Ovos-para-Todos\backend\index.php:10
Stack trace:
#0 {main}
  thrown in C:\Users\Kezia\Desktop\Ovos-para-Todos\backend\index.php on line 10
[25-Feb-2026 19:55:28 Europe/Berlin] PHP Warning:  require_once(C:\Users\Kezia\Desktop\Ovos-para-Todos\backend/Core/helpers.php): Failed to open stream: No such file or directory in C:\Users\Kezia\Desktop\Ovos-para-Todos\backend\index.php on line 10
[25-Feb-2026 19:55:28 Europe/Berlin] PHP Fatal error:  Uncaught Error: Failed opening required 'C:\Users\Kezia\Desktop\Ovos-para-Todos\backend/Core/helpers.php' (include_path='C:\xampp\php\PEAR') in C:\Users\Kezia\Desktop\Ovos-para-Todos\backend\index.php:10
Stack trace:
#0 {main}
  thrown in C:\Users\Kezia\Desktop\Ovos-para-Todos\backend\index.php on line 10
[25-Feb-2026 21:33:13 Europe/Berlin] PHP Fatal error:  Uncaught Error: Class "Ovos\Ebenezer\Core\Env" not found in C:\Users\Kezia\Desktop\Ovos-para-Todos\backend\index.php:13
Stack trace:
#0 {main}
  thrown in C:\Users\Kezia\Desktop\Ovos-para-Todos\backend\index.php on line 13
[25-Feb-2026 21:33:22 Europe/Berlin] PHP Fatal error:  Uncaught Error: Class "Ovos\Ebenezer\Core\Env" not found in C:\Users\Kezia\Desktop\Ovos-para-Todos\backend\index.php:13
Stack trace:
#0 {main}
  thrown in C:\Users\Kezia\Desktop\Ovos-para-Todos\backend\index.php on line 13
[25-Feb-2026 21:33:28 Europe/Berlin] PHP Fatal error:  Uncaught Error: Class "Ovos\Ebenezer\Core\Env" not found in C:\Users\Kezia\Desktop\Ovos-para-Todos\backend\index.php:13
Stack trace:
#0 {main}
  thrown in C:\Users\Kezia\Desktop\Ovos-para-Todos\backend\index.php on line 13
[25-Feb-2026 21:33:36 Europe/Berlin] PHP Fatal error:  Uncaught Error: Class "Ovos\Ebenezer\Core\Env" not found in C:\Users\Kezia\Desktop\Ovos-para-Todos\backend\index.php:13
Stack trace:
#0 {main}
  thrown in C:\Users\Kezia\Desktop\Ovos-para-Todos\backend\index.php on line 13
[25-Feb-2026 21:33:56 Europe/Berlin] PHP Fatal error:  Uncaught Error: Class "Ovos\Ebenezer\Core\Env" not found in C:\Users\Kezia\Desktop\Ovos-para-Todos\backend\index.php:13
Stack trace:
#0 {main}
  thrown in C:\Users\Kezia\Desktop\Ovos-para-Todos\backend\index.php on line 13
[25-Feb-2026 21:40:31 Europe/Berlin] PHP Fatal error:  Uncaught Error: Class "Ovos\Ebenezer\Core\Env" not found in C:\Users\Kezia\Desktop\Ovos-para-Todos\backend\index.php:13
Stack trace:
#0 {main}
  thrown in C:\Users\Kezia\Desktop\Ovos-para-Todos\backend\index.php on line 13
[25-Feb-2026 21:40:34 Europe/Berlin] PHP Fatal error:  Uncaught Error: Class "Ovos\Ebenezer\Core\Env" not found in C:\Users\Kezia\Desktop\Ovos-para-Todos\backend\index.php:13
Stack trace:
#0 {main}
  thrown in C:\Users\Kezia\Desktop\Ovos-para-Todos\backend\index.php on line 13
[25-Feb-2026 21:41:19 Europe/Berlin] PHP Fatal error:  Uncaught Error: Class "Ovos\Ebenezer\Core\Env" not found in C:\Users\Kezia\Desktop\Ovos-para-Todos\backend\index.php:13
Stack trace:
#0 {main}
  thrown in C:\Users\Kezia\Desktop\Ovos-para-Todos\backend\index.php on line 13
[25-Feb-2026 21:41:41 Europe/Berlin] PHP Fatal error:  Uncaught Error: Class "Ovos\Ebenezer\Core\Env" not found in C:\Users\Kezia\Desktop\Ovos-para-Todos\backend\index.php:13
Stack trace:
#0 {main}
  thrown in C:\Users\Kezia\Desktop\Ovos-para-Todos\backend\index.php on line 13
[25-Feb-2026 21:41:47 Europe/Berlin] PHP Fatal error:  Uncaught Error: Class "Ovos\Ebenezer\Core\Env" not found in C:\Users\Kezia\Desktop\Ovos-para-Todos\backend\index.php:13
Stack trace:
#0 {main}
  thrown in C:\Users\Kezia\Desktop\Ovos-para-Todos\backend\index.php on line 13
[25-Feb-2026 21:44:03 Europe/Berlin] PHP Fatal error:  Uncaught Error: Class "Ovos\Ebenezer\Core\Env" not found in C:\Users\Kezia\Desktop\Ovos-para-Todos\backend\index.php:13
Stack trace:
#0 {main}
  thrown in C:\Users\Kezia\Desktop\Ovos-para-Todos\backend\index.php on line 13
[25-Feb-2026 21:44:16 Europe/Berlin] PHP Fatal error:  Uncaught Error: Class "Ovos\Ebenezer\Core\Env" not found in C:\Users\Kezia\Desktop\Ovos-para-Todos\backend\index.php:13
Stack trace:
#0 {main}
  thrown in C:\Users\Kezia\Desktop\Ovos-para-Todos\backend\index.php on line 13
[25-Feb-2026 21:44:41 Europe/Berlin] PHP Fatal error:  Uncaught Error: Class "Ovos\Ebenezer\Core\Env" not found in C:\Users\Kezia\Desktop\Ovos-para-Todos\backend\index.php:13
Stack trace:
#0 {main}
  thrown in C:\Users\Kezia\Desktop\Ovos-para-Todos\backend\index.php on line 13
[25-Feb-2026 21:47:12 Europe/Berlin] PHP Fatal error:  Uncaught Error: Class "Ovos\Ebenezer\Core\Env" not found in C:\Users\Kezia\Desktop\Ovos-para-Todos\backend\index.php:13
Stack trace:
#0 {main}
  thrown in C:\Users\Kezia\Desktop\Ovos-para-Todos\backend\index.php on line 13
[25-Feb-2026 21:49:04 Europe/Berlin] PHP Fatal error:  Uncaught Error: Class "Ovos\Ebenezer\Rotas\Rotas" not found in C:\Users\Kezia\Desktop\Ovos-para-Todos\backend\index.php:58
Stack trace:
#0 {main}
  thrown in C:\Users\Kezia\Desktop\Ovos-para-Todos\backend\index.php on line 58
[25-Feb-2026 21:49:09 Europe/Berlin] PHP Fatal error:  Uncaught Error: Class "Ovos\Ebenezer\Rotas\Rotas" not found in C:\Users\Kezia\Desktop\Ovos-para-Todos\backend\index.php:58
Stack trace:
#0 {main}
  thrown in C:\Users\Kezia\Desktop\Ovos-para-Todos\backend\index.php on line 58
[25-Feb-2026 21:50:19 Europe/Berlin] PHP Fatal error:  Uncaught Error: Class "Ovos\Ebenezer\Rotas\Rotas" not found in C:\Users\Kezia\Desktop\Ovos-para-Todos\backend\index.php:58
Stack trace:
#0 {main}
  thrown in C:\Users\Kezia\Desktop\Ovos-para-Todos\backend\index.php on line 58
[25-Feb-2026 21:50:21 Europe/Berlin] PHP Fatal error:  Uncaught Error: Class "Ovos\Ebenezer\Rotas\Rotas" not found in C:\Users\Kezia\Desktop\Ovos-para-Todos\backend\index.php:58
Stack trace:
#0 {main}
  thrown in C:\Users\Kezia\Desktop\Ovos-para-Todos\backend\index.php on line 58
[25-Feb-2026 21:50:23 Europe/Berlin] PHP Fatal error:  Uncaught Error: Class "Ovos\Ebenezer\Rotas\Rotas" not found in C:\Users\Kezia\Desktop\Ovos-para-Todos\backend\index.php:58
Stack trace:
#0 {main}
  thrown in C:\Users\Kezia\Desktop\Ovos-para-Todos\backend\index.php on line 58
[25-Feb-2026 21:59:15 Europe/Berlin] PHP Fatal error:  Uncaught Error: Class "Ovos\Ebenezer\Rotas\Rotas" not found in C:\Users\Kezia\Desktop\Ovos-para-Todos\backend\index.php:58
Stack trace:
#0 {main}
  thrown in C:\Users\Kezia\Desktop\Ovos-para-Todos\backend\index.php on line 58
[25-Feb-2026 21:59:27 Europe/Berlin] PHP Fatal error:  Uncaught Error: Class "Ovos\Ebenezer\Rotas\Rotas" not found in C:\Users\Kezia\Desktop\Ovos-para-Todos\backend\index.php:58
Stack trace:
#0 {main}
  thrown in C:\Users\Kezia\Desktop\Ovos-para-Todos\backend\index.php on line 58
[25-Feb-2026 22:13:36 Europe/Berlin] PHP Fatal error:  Uncaught Error: Class "Ovos\Ebenezer\Rotas\Rotas" not found in C:\Users\Kezia\Desktop\Ovos-para-Todos\backend\index.php:58
Stack trace:
#0 {main}
  thrown in C:\Users\Kezia\Desktop\Ovos-para-Todos\backend\index.php on line 58
[25-Feb-2026 22:13:48 Europe/Berlin] PHP Fatal error:  Uncaught Error: Class "Ovos\Ebenezer\Rotas\Rotas" not found in C:\Users\Kezia\Desktop\Ovos-para-Todos\backend\index.php:58
Stack trace:
#0 {main}
  thrown in C:\Users\Kezia\Desktop\Ovos-para-Todos\backend\index.php on line 58
[26-Feb-2026 20:32:10 Europe/Berlin] PHP Fatal error:  Uncaught Error: Class "Ovos\Ebenezer\Rotas\Rotas" not found in C:\Users\Kezia\Desktop\Ovos-para-Todos\backend\index.php:58
Stack trace:
#0 {main}
  thrown in C:\Users\Kezia\Desktop\Ovos-para-Todos\backend\index.php on line 58
[26-Feb-2026 20:32:19 Europe/Berlin] PHP Fatal error:  Uncaught Error: Class "Ovos\Ebenezer\Rotas\Rotas" not found in C:\Users\Kezia\Desktop\Ovos-para-Todos\backend\index.php:58
Stack trace:
#0 {main}
  thrown in C:\Users\Kezia\Desktop\Ovos-para-Todos\backend\index.php on line 58
[27-Feb-2026 03:03:39 Europe/Berlin] PHP Fatal error:  Namespace declaration statement has to be the very first statement or after any declare call in the script in C:\Users\Kezia\Desktop\Ovos-para-Todos\backend\Controllers\DashboardController.php on line 3
[27-Feb-2026 03:27:32 Europe/Berlin] PHP Fatal error:  Namespace declaration statement has to be the very first statement or after any declare call in the script in C:\Users\Kezia\Desktop\Ovos-para-Todos\backend\Controllers\DashboardController.php on line 3
[27-Feb-2026 03:51:04 Europe/Berlin] === INSERINDO USUÁRIO ===
[27-Feb-2026 03:51:04 Europe/Berlin] Nome: Kezia Silva, Email: keziaoficialk@gmail.com, Tipo: Cliente
[27-Feb-2026 03:51:04 Europe/Berlin] ✅ Usuário criado com ID: 1
[27-Feb-2026 03:51:04 Europe/Berlin] PHP Warning:  Undefined property: Ovos\Ebenezer\Controllers\AuthController::$notificacaoEmail in C:\Users\Kezia\Desktop\Ovos-para-Todos\backend\Controllers\AuthController.php on line 110
[27-Feb-2026 03:51:04 Europe/Berlin] AVISO: Falha ao enviar email de boas-vindas para keziaoficialk@gmail.com: Call to a member function boasVindas() on null
[27-Feb-2026 04:14:39 Europe/Berlin] Login bem-sucedido: keziaoficialk@gmail.com
[27-Feb-2026 04:15:47 Europe/Berlin] Login bem-sucedido: keziaoficialk@gmail.com
[27-Feb-2026 04:15:47 Europe/Berlin] PHP Fatal error:  Namespace declaration statement has to be the very first statement or after any declare call in the script in C:\Users\Kezia\Desktop\Ovos-para-Todos\backend\Controllers\DashboardController.php on line 3
[27-Feb-2026 04:17:16 Europe/Berlin] Login bem-sucedido: keziaoficialk@gmail.com
[27-Feb-2026 04:17:46 Europe/Berlin] Login bem-sucedido: keziaoficialk@gmail.com
[27-Feb-2026 04:17:46 Europe/Berlin] PHP Fatal error:  Namespace declaration statement has to be the very first statement or after any declare call in the script in C:\Users\Kezia\Desktop\Ovos-para-Todos\backend\Controllers\DashboardController.php on line 3
[27-Feb-2026 04:22:25 Europe/Berlin] Login bem-sucedido: keziaoficialk@gmail.com
[27-Feb-2026 04:25:12 Europe/Berlin] Login bem-sucedido: keziaoficialk@gmail.com
[27-Feb-2026 04:41:42 Europe/Berlin] Login bem-sucedido: keziaoficialk@gmail.com
[27-Feb-2026 04:49:38 Europe/Berlin] Login bem-sucedido: keziaoficialk@gmail.com
[27-Feb-2026 05:25:03 Europe/Berlin] Login bem-sucedido: keziaoficialk@gmail.com
[27-Feb-2026 13:09:05 Europe/Berlin] Login bem-sucedido: keziaoficialk@gmail.com
[27-Feb-2026 13:21:48 Europe/Berlin] Login bem-sucedido: keziaoficialk@gmail.com
[27-Feb-2026 13:27:55 Europe/Berlin] ERRO: Tipo 'Administrador' inválido. Deve ser: Cliente, Funcionario, Motorista, Admin
[27-Feb-2026 13:27:55 Europe/Berlin] ERRO AO INSERIR USUÁRIO: inseriUsuario retornou false para test2@example.com
[27-Feb-2026 13:29:34 Europe/Berlin] Usuário não encontrado ou duplicado: admin@admin.com
[27-Feb-2026 13:46:54 Europe/Berlin] Usuário não encontrado ou duplicado: test@test.com
[27-Feb-2026 13:58:38 Europe/Berlin] Login bem-sucedido: keziaoficialk@gmail.com
[27-Feb-2026 15:26:16 Europe/Berlin] Login bem-sucedido: keziaoficialk@gmail.com
[27-Feb-2026 15:32:45 Europe/Berlin] Login bem-sucedido: keziaoficialk@gmail.com
[27-Feb-2026 18:12:04 Europe/Berlin] Login bem-sucedido: keziaoficialk@gmail.com
[27-Feb-2026 18:15:59 Europe/Berlin] ERRO: Tipo 'Administrador' inválido. Deve ser: Cliente, Funcionario, Motorista, Admin
[27-Feb-2026 18:15:59 Europe/Berlin] ERRO AO INSERIR USUÁRIO: inseriUsuario retornou false para carla.santos@gmail.com
[27-Feb-2026 18:16:08 Europe/Berlin] Usuário não encontrado ou duplicado: carla.santos@gmail.com
[27-Feb-2026 18:52:33 Europe/Berlin] ERRO: Tipo 'Administrador' inválido. Deve ser: Cliente, Funcionario, Motorista, Admin
[27-Feb-2026 18:52:33 Europe/Berlin] ERRO AO INSERIR USUÁRIO: inseriUsuario retornou false para carla.santos@gmail.com
[27-Feb-2026 18:52:55 Europe/Berlin] Usuário não encontrado ou duplicado: carla.santos@gmail.com
[27-Feb-2026 18:53:02 Europe/Berlin] Login bem-sucedido: keziaoficialk@gmail.com
[27-Feb-2026 19:55:01 Europe/Berlin] === INSERINDO USUÁRIO ===
[27-Feb-2026 19:55:01 Europe/Berlin] Nome: Carla santos, Email: carla.santos@gmail.com, Tipo: Admin
[27-Feb-2026 19:55:01 Europe/Berlin] ✅ Usuário criado com ID: 2
[27-Feb-2026 19:55:01 Europe/Berlin] PHP Warning:  Undefined property: Ovos\Ebenezer\Controllers\AuthController::$notificacaoEmail in C:\Users\Kezia\Desktop\Ovos-para-Todos\backend\Controllers\AuthController.php on line 110
[27-Feb-2026 19:55:01 Europe/Berlin] AVISO: Falha ao enviar email de boas-vindas para carla.santos@gmail.com: Call to a member function boasVindas() on null
[27-Feb-2026 19:55:13 Europe/Berlin] Login bem-sucedido: carla.santos@gmail.com
[27-Feb-2026 20:23:14 Europe/Berlin] === INSERINDO USUÁRIO ===
[27-Feb-2026 20:23:14 Europe/Berlin] Nome: julia, Email: juliasilva@gmail.com, Tipo: Cliente
[27-Feb-2026 20:23:14 Europe/Berlin] ✅ Usuário criado com ID: 3
[27-Feb-2026 20:23:14 Europe/Berlin] PHP Warning:  Undefined property: Ovos\Ebenezer\Controllers\AuthController::$notificacaoEmail in C:\Users\Kezia\Desktop\Ovos-para-Todos\backend\Controllers\AuthController.php on line 110
[27-Feb-2026 20:23:14 Europe/Berlin] AVISO: Falha ao enviar email de boas-vindas para juliasilva@gmail.com: Call to a member function boasVindas() on null
[27-Feb-2026 20:23:39 Europe/Berlin] Login bem-sucedido: juliasilva@gmail.com
[27-Feb-2026 20:24:07 Europe/Berlin] Login bem-sucedido: keziaoficialk@gmail.com
[27-Feb-2026 20:24:24 Europe/Berlin] Login bem-sucedido: keziaoficialk@gmail.com
[27-Feb-2026 20:24:42 Europe/Berlin] Login bem-sucedido: keziaoficialk@gmail.com
[27-Feb-2026 21:06:38 Europe/Berlin] Login bem-sucedido: keziaoficialk@gmail.com
[27-Feb-2026 22:55:12 Europe/Berlin] PHP Warning:  Undefined array key "id_entrega" in C:\Users\Kezia\Desktop\Ovos-para-Todos\backend\Views\templates\entregas\index.php on line 71
[27-Feb-2026 22:55:12 Europe/Berlin] PHP Warning:  Undefined array key "id_entrega" in C:\Users\Kezia\Desktop\Ovos-para-Todos\backend\Views\templates\entregas\index.php on line 96
[27-Feb-2026 22:55:12 Europe/Berlin] PHP Warning:  Undefined array key "id_entrega" in C:\Users\Kezia\Desktop\Ovos-para-Todos\backend\Views\templates\entregas\index.php on line 100
[27-Feb-2026 22:55:12 Europe/Berlin] PHP Warning:  Undefined array key "id_entrega" in C:\Users\Kezia\Desktop\Ovos-para-Todos\backend\Views\templates\entregas\index.php on line 71
[27-Feb-2026 22:55:12 Europe/Berlin] PHP Warning:  Undefined array key "id_entrega" in C:\Users\Kezia\Desktop\Ovos-para-Todos\backend\Views\templates\entregas\index.php on line 96
[27-Feb-2026 22:55:12 Europe/Berlin] PHP Warning:  Undefined array key "id_entrega" in C:\Users\Kezia\Desktop\Ovos-para-Todos\backend\Views\templates\entregas\index.php on line 100
[27-Feb-2026 22:55:12 Europe/Berlin] PHP Warning:  Undefined array key "id_entrega" in C:\Users\Kezia\Desktop\Ovos-para-Todos\backend\Views\templates\entregas\index.php on line 71
[27-Feb-2026 22:55:12 Europe/Berlin] PHP Warning:  Undefined array key "id_entrega" in C:\Users\Kezia\Desktop\Ovos-para-Todos\backend\Views\templates\entregas\index.php on line 96
[27-Feb-2026 22:55:12 Europe/Berlin] PHP Warning:  Undefined array key "id_entrega" in C:\Users\Kezia\Desktop\Ovos-para-Todos\backend\Views\templates\entregas\index.php on line 100
[27-Feb-2026 22:55:12 Europe/Berlin] PHP Warning:  Undefined array key "id_entrega" in C:\Users\Kezia\Desktop\Ovos-para-Todos\backend\Views\templates\entregas\index.php on line 71
[27-Feb-2026 22:55:12 Europe/Berlin] PHP Warning:  Undefined array key "id_entrega" in C:\Users\Kezia\Desktop\Ovos-para-Todos\backend\Views\templates\entregas\index.php on line 96
[27-Feb-2026 22:55:12 Europe/Berlin] PHP Warning:  Undefined array key "id_entrega" in C:\Users\Kezia\Desktop\Ovos-para-Todos\backend\Views\templates\entregas\index.php on line 100
[27-Feb-2026 22:55:12 Europe/Berlin] PHP Warning:  Undefined array key "id_entrega" in C:\Users\Kezia\Desktop\Ovos-para-Todos\backend\Views\templates\entregas\index.php on line 71
[27-Feb-2026 22:55:12 Europe/Berlin] PHP Warning:  Undefined array key "id_entrega" in C:\Users\Kezia\Desktop\Ovos-para-Todos\backend\Views\templates\entregas\index.php on line 96
[27-Feb-2026 22:55:12 Europe/Berlin] PHP Warning:  Undefined array key "id_entrega" in C:\Users\Kezia\Desktop\Ovos-para-Todos\backend\Views\templates\entregas\index.php on line 100
[27-Feb-2026 22:55:12 Europe/Berlin] PHP Warning:  Undefined array key "id_entrega" in C:\Users\Kezia\Desktop\Ovos-para-Todos\backend\Views\templates\entregas\index.php on line 71
[27-Feb-2026 22:55:12 Europe/Berlin] PHP Warning:  Undefined array key "id_entrega" in C:\Users\Kezia\Desktop\Ovos-para-Todos\backend\Views\templates\entregas\index.php on line 96
[27-Feb-2026 22:55:12 Europe/Berlin] PHP Warning:  Undefined array key "id_entrega" in C:\Users\Kezia\Desktop\Ovos-para-Todos\backend\Views\templates\entregas\index.php on line 100
[27-Feb-2026 22:55:12 Europe/Berlin] PHP Warning:  Undefined array key "id_entrega" in C:\Users\Kezia\Desktop\Ovos-para-Todos\backend\Views\templates\entregas\index.php on line 71
[27-Feb-2026 22:55:13 Europe/Berlin] PHP Warning:  Undefined array key "id_entrega" in C:\Users\Kezia\Desktop\Ovos-para-Todos\backend\Views\templates\entregas\index.php on line 96
[27-Feb-2026 22:55:13 Europe/Berlin] PHP Warning:  Undefined array key "id_entrega" in C:\Users\Kezia\Desktop\Ovos-para-Todos\backend\Views\templates\entregas\index.php on line 100
[27-Feb-2026 22:55:13 Europe/Berlin] PHP Warning:  Undefined array key "id_entrega" in C:\Users\Kezia\Desktop\Ovos-para-Todos\backend\Views\templates\entregas\index.php on line 71
[27-Feb-2026 22:55:13 Europe/Berlin] PHP Warning:  Undefined array key "id_entrega" in C:\Users\Kezia\Desktop\Ovos-para-Todos\backend\Views\templates\entregas\index.php on line 96
[27-Feb-2026 22:55:13 Europe/Berlin] PHP Warning:  Undefined array key "id_entrega" in C:\Users\Kezia\Desktop\Ovos-para-Todos\backend\Views\templates\entregas\index.php on line 100
[27-Feb-2026 22:55:13 Europe/Berlin] PHP Warning:  Undefined array key "id_entrega" in C:\Users\Kezia\Desktop\Ovos-para-Todos\backend\Views\templates\entregas\index.php on line 71
[27-Feb-2026 22:55:13 Europe/Berlin] PHP Warning:  Undefined array key "id_entrega" in C:\Users\Kezia\Desktop\Ovos-para-Todos\backend\Views\templates\entregas\index.php on line 96
[27-Feb-2026 22:55:13 Europe/Berlin] PHP Warning:  Undefined array key "id_entrega" in C:\Users\Kezia\Desktop\Ovos-para-Todos\backend\Views\templates\entregas\index.php on line 100
[27-Feb-2026 22:55:13 Europe/Berlin] PHP Warning:  Undefined array key "id_entrega" in C:\Users\Kezia\Desktop\Ovos-para-Todos\backend\Views\templates\entregas\index.php on line 71
[27-Feb-2026 22:55:13 Europe/Berlin] PHP Warning:  Undefined array key "id_entrega" in C:\Users\Kezia\Desktop\Ovos-para-Todos\backend\Views\templates\entregas\index.php on line 96
[27-Feb-2026 22:55:13 Europe/Berlin] PHP Warning:  Undefined array key "id_entrega" in C:\Users\Kezia\Desktop\Ovos-para-Todos\backend\Views\templates\entregas\index.php on line 100
[27-Feb-2026 22:55:13 Europe/Berlin] PHP Warning:  Undefined array key "id_entrega" in C:\Users\Kezia\Desktop\Ovos-para-Todos\backend\Views\templates\entregas\index.php on line 71
[27-Feb-2026 22:55:13 Europe/Berlin] PHP Warning:  Undefined array key "id_entrega" in C:\Users\Kezia\Desktop\Ovos-para-Todos\backend\Views\templates\entregas\index.php on line 96
[27-Feb-2026 22:55:13 Europe/Berlin] PHP Warning:  Undefined array key "id_entrega" in C:\Users\Kezia\Desktop\Ovos-para-Todos\backend\Views\templates\entregas\index.php on line 100
[27-Feb-2026 22:55:13 Europe/Berlin] PHP Warning:  Undefined array key "id_entrega" in C:\Users\Kezia\Desktop\Ovos-para-Todos\backend\Views\templates\entregas\index.php on line 71
[27-Feb-2026 22:55:13 Europe/Berlin] PHP Warning:  Undefined array key "id_entrega" in C:\Users\Kezia\Desktop\Ovos-para-Todos\backend\Views\templates\entregas\index.php on line 96
[27-Feb-2026 22:55:13 Europe/Berlin] PHP Warning:  Undefined array key "id_entrega" in C:\Users\Kezia\Desktop\Ovos-para-Todos\backend\Views\templates\entregas\index.php on line 100
[27-Feb-2026 22:55:13 Europe/Berlin] PHP Warning:  Undefined array key "id_entrega" in C:\Users\Kezia\Desktop\Ovos-para-Todos\backend\Views\templates\entregas\index.php on line 71
[27-Feb-2026 22:55:13 Europe/Berlin] PHP Warning:  Undefined array key "id_entrega" in C:\Users\Kezia\Desktop\Ovos-para-Todos\backend\Views\templates\entregas\index.php on line 96
[27-Feb-2026 22:55:13 Europe/Berlin] PHP Warning:  Undefined array key "id_entrega" in C:\Users\Kezia\Desktop\Ovos-para-Todos\backend\Views\templates\entregas\index.php on line 100
[27-Feb-2026 22:55:13 Europe/Berlin] PHP Warning:  Undefined array key "id_entrega" in C:\Users\Kezia\Desktop\Ovos-para-Todos\backend\Views\templates\entregas\index.php on line 71
[27-Feb-2026 22:55:13 Europe/Berlin] PHP Warning:  Undefined array key "id_entrega" in C:\Users\Kezia\Desktop\Ovos-para-Todos\backend\Views\templates\entregas\index.php on line 96
[27-Feb-2026 22:55:13 Europe/Berlin] PHP Warning:  Undefined array key "id_entrega" in C:\Users\Kezia\Desktop\Ovos-para-Todos\backend\Views\templates\entregas\index.php on line 100
[27-Feb-2026 22:55:13 Europe/Berlin] PHP Warning:  Undefined array key "id_entrega" in C:\Users\Kezia\Desktop\Ovos-para-Todos\backend\Views\templates\entregas\index.php on line 71
[27-Feb-2026 22:55:13 Europe/Berlin] PHP Warning:  Undefined array key "id_entrega" in C:\Users\Kezia\Desktop\Ovos-para-Todos\backend\Views\templates\entregas\index.php on line 96
[27-Feb-2026 22:55:13 Europe/Berlin] PHP Warning:  Undefined array key "id_entrega" in C:\Users\Kezia\Desktop\Ovos-para-Todos\backend\Views\templates\entregas\index.php on line 100
[27-Feb-2026 22:55:13 Europe/Berlin] PHP Warning:  Undefined array key "id_entrega" in C:\Users\Kezia\Desktop\Ovos-para-Todos\backend\Views\templates\entregas\index.php on line 71
[27-Feb-2026 22:55:13 Europe/Berlin] PHP Warning:  Undefined array key "id_entrega" in C:\Users\Kezia\Desktop\Ovos-para-Todos\backend\Views\templates\entregas\index.php on line 96
[27-Feb-2026 22:55:13 Europe/Berlin] PHP Warning:  Undefined array key "id_entrega" in C:\Users\Kezia\Desktop\Ovos-para-Todos\backend\Views\templates\entregas\index.php on line 100
[27-Feb-2026 22:55:13 Europe/Berlin] PHP Warning:  Undefined array key "id_entrega" in C:\Users\Kezia\Desktop\Ovos-para-Todos\backend\Views\templates\entregas\index.php on line 71
[27-Feb-2026 22:55:13 Europe/Berlin] PHP Warning:  Undefined array key "id_entrega" in C:\Users\Kezia\Desktop\Ovos-para-Todos\backend\Views\templates\entregas\index.php on line 96
[27-Feb-2026 22:55:13 Europe/Berlin] PHP Warning:  Undefined array key "id_entrega" in C:\Users\Kezia\Desktop\Ovos-para-Todos\backend\Views\templates\entregas\index.php on line 100
[27-Feb-2026 22:55:13 Europe/Berlin] PHP Warning:  Undefined array key "id_entrega" in C:\Users\Kezia\Desktop\Ovos-para-Todos\backend\Views\templates\entregas\index.php on line 71
[27-Feb-2026 22:55:13 Europe/Berlin] PHP Warning:  Undefined array key "id_entrega" in C:\Users\Kezia\Desktop\Ovos-para-Todos\backend\Views\templates\entregas\index.php on line 96
[27-Feb-2026 22:55:13 Europe/Berlin] PHP Warning:  Undefined array key "id_entrega" in C:\Users\Kezia\Desktop\Ovos-para-Todos\backend\Views\templates\entregas\index.php on line 100
[27-Feb-2026 22:55:13 Europe/Berlin] PHP Warning:  Undefined array key "id_entrega" in C:\Users\Kezia\Desktop\Ovos-para-Todos\backend\Views\templates\entregas\index.php on line 71
[27-Feb-2026 22:55:13 Europe/Berlin] PHP Warning:  Undefined array key "id_entrega" in C:\Users\Kezia\Desktop\Ovos-para-Todos\backend\Views\templates\entregas\index.php on line 96
[27-Feb-2026 22:55:13 Europe/Berlin] PHP Warning:  Undefined array key "id_entrega" in C:\Users\Kezia\Desktop\Ovos-para-Todos\backend\Views\templates\entregas\index.php on line 100
[27-Feb-2026 22:55:13 Europe/Berlin] PHP Warning:  Undefined array key "id_entrega" in C:\Users\Kezia\Desktop\Ovos-para-Todos\backend\Views\templates\entregas\index.php on line 71
[27-Feb-2026 22:55:13 Europe/Berlin] PHP Warning:  Undefined array key "id_entrega" in C:\Users\Kezia\Desktop\Ovos-para-Todos\backend\Views\templates\entregas\index.php on line 96
[27-Feb-2026 22:55:13 Europe/Berlin] PHP Warning:  Undefined array key "id_entrega" in C:\Users\Kezia\Desktop\Ovos-para-Todos\backend\Views\templates\entregas\index.php on line 100
[27-Feb-2026 23:01:16 Europe/Berlin] PHP Warning:  Undefined array key "id_entrega" in C:\Users\Kezia\Desktop\Ovos-para-Todos\backend\Views\templates\entregas\index.php on line 71
[27-Feb-2026 23:01:16 Europe/Berlin] PHP Warning:  Undefined array key "id_entrega" in C:\Users\Kezia\Desktop\Ovos-para-Todos\backend\Views\templates\entregas\index.php on line 96
[27-Feb-2026 23:01:16 Europe/Berlin] PHP Warning:  Undefined array key "id_entrega" in C:\Users\Kezia\Desktop\Ovos-para-Todos\backend\Views\templates\entregas\index.php on line 100
[27-Feb-2026 23:01:16 Europe/Berlin] PHP Warning:  Undefined array key "id_entrega" in C:\Users\Kezia\Desktop\Ovos-para-Todos\backend\Views\templates\entregas\index.php on line 71
[27-Feb-2026 23:01:16 Europe/Berlin] PHP Warning:  Undefined array key "id_entrega" in C:\Users\Kezia\Desktop\Ovos-para-Todos\backend\Views\templates\entregas\index.php on line 96
[27-Feb-2026 23:01:16 Europe/Berlin] PHP Warning:  Undefined array key "id_entrega" in C:\Users\Kezia\Desktop\Ovos-para-Todos\backend\Views\templates\entregas\index.php on line 100
[27-Feb-2026 23:01:16 Europe/Berlin] PHP Warning:  Undefined array key "id_entrega" in C:\Users\Kezia\Desktop\Ovos-para-Todos\backend\Views\templates\entregas\index.php on line 71
[27-Feb-2026 23:01:16 Europe/Berlin] PHP Warning:  Undefined array key "id_entrega" in C:\Users\Kezia\Desktop\Ovos-para-Todos\backend\Views\templates\entregas\index.php on line 96
[27-Feb-2026 23:01:16 Europe/Berlin] PHP Warning:  Undefined array key "id_entrega" in C:\Users\Kezia\Desktop\Ovos-para-Todos\backend\Views\templates\entregas\index.php on line 100
[27-Feb-2026 23:01:16 Europe/Berlin] PHP Warning:  Undefined array key "id_entrega" in C:\Users\Kezia\Desktop\Ovos-para-Todos\backend\Views\templates\entregas\index.php on line 71
[27-Feb-2026 23:01:16 Europe/Berlin] PHP Warning:  Undefined array key "id_entrega" in C:\Users\Kezia\Desktop\Ovos-para-Todos\backend\Views\templates\entregas\index.php on line 96
[27-Feb-2026 23:01:16 Europe/Berlin] PHP Warning:  Undefined array key "id_entrega" in C:\Users\Kezia\Desktop\Ovos-para-Todos\backend\Views\templates\entregas\index.php on line 100
[27-Feb-2026 23:01:16 Europe/Berlin] PHP Warning:  Undefined array key "id_entrega" in C:\Users\Kezia\Desktop\Ovos-para-Todos\backend\Views\templates\entregas\index.php on line 71
[27-Feb-2026 23:01:16 Europe/Berlin] PHP Warning:  Undefined array key "id_entrega" in C:\Users\Kezia\Desktop\Ovos-para-Todos\backend\Views\templates\entregas\index.php on line 96
[27-Feb-2026 23:01:16 Europe/Berlin] PHP Warning:  Undefined array key "id_entrega" in C:\Users\Kezia\Desktop\Ovos-para-Todos\backend\Views\templates\entregas\index.php on line 100
[27-Feb-2026 23:01:16 Europe/Berlin] PHP Warning:  Undefined array key "id_entrega" in C:\Users\Kezia\Desktop\Ovos-para-Todos\backend\Views\templates\entregas\index.php on line 71
[27-Feb-2026 23:01:16 Europe/Berlin] PHP Warning:  Undefined array key "id_entrega" in C:\Users\Kezia\Desktop\Ovos-para-Todos\backend\Views\templates\entregas\index.php on line 96
[27-Feb-2026 23:01:16 Europe/Berlin] PHP Warning:  Undefined array key "id_entrega" in C:\Users\Kezia\Desktop\Ovos-para-Todos\backend\Views\templates\entregas\index.php on line 100
[27-Feb-2026 23:01:16 Europe/Berlin] PHP Warning:  Undefined array key "id_entrega" in C:\Users\Kezia\Desktop\Ovos-para-Todos\backend\Views\templates\entregas\index.php on line 71
[27-Feb-2026 23:01:16 Europe/Berlin] PHP Warning:  Undefined array key "id_entrega" in C:\Users\Kezia\Desktop\Ovos-para-Todos\backend\Views\templates\entregas\index.php on line 96
[27-Feb-2026 23:01:16 Europe/Berlin] PHP Warning:  Undefined array key "id_entrega" in C:\Users\Kezia\Desktop\Ovos-para-Todos\backend\Views\templates\entregas\index.php on line 100
[27-Feb-2026 23:01:16 Europe/Berlin] PHP Warning:  Undefined array key "id_entrega" in C:\Users\Kezia\Desktop\Ovos-para-Todos\backend\Views\templates\entregas\index.php on line 71
[27-Feb-2026 23:01:16 Europe/Berlin] PHP Warning:  Undefined array key "id_entrega" in C:\Users\Kezia\Desktop\Ovos-para-Todos\backend\Views\templates\entregas\index.php on line 96
[27-Feb-2026 23:01:16 Europe/Berlin] PHP Warning:  Undefined array key "id_entrega" in C:\Users\Kezia\Desktop\Ovos-para-Todos\backend\Views\templates\entregas\index.php on line 100
[27-Feb-2026 23:01:16 Europe/Berlin] PHP Warning:  Undefined array key "id_entrega" in C:\Users\Kezia\Desktop\Ovos-para-Todos\backend\Views\templates\entregas\index.php on line 71
[27-Feb-2026 23:01:16 Europe/Berlin] PHP Warning:  Undefined array key "id_entrega" in C:\Users\Kezia\Desktop\Ovos-para-Todos\backend\Views\templates\entregas\index.php on line 96
[27-Feb-2026 23:01:16 Europe/Berlin] PHP Warning:  Undefined array key "id_entrega" in C:\Users\Kezia\Desktop\Ovos-para-Todos\backend\Views\templates\entregas\index.php on line 100
[27-Feb-2026 23:01:16 Europe/Berlin] PHP Warning:  Undefined array key "id_entrega" in C:\Users\Kezia\Desktop\Ovos-para-Todos\backend\Views\templates\entregas\index.php on line 71
[27-Feb-2026 23:01:16 Europe/Berlin] PHP Warning:  Undefined array key "id_entrega" in C:\Users\Kezia\Desktop\Ovos-para-Todos\backend\Views\templates\entregas\index.php on line 96
[27-Feb-2026 23:01:16 Europe/Berlin] PHP Warning:  Undefined array key "id_entrega" in C:\Users\Kezia\Desktop\Ovos-para-Todos\backend\Views\templates\entregas\index.php on line 100
[27-Feb-2026 23:01:16 Europe/Berlin] PHP Warning:  Undefined array key "id_entrega" in C:\Users\Kezia\Desktop\Ovos-para-Todos\backend\Views\templates\entregas\index.php on line 71
[27-Feb-2026 23:01:16 Europe/Berlin] PHP Warning:  Undefined array key "id_entrega" in C:\Users\Kezia\Desktop\Ovos-para-Todos\backend\Views\templates\entregas\index.php on line 96
[27-Feb-2026 23:01:16 Europe/Berlin] PHP Warning:  Undefined array key "id_entrega" in C:\Users\Kezia\Desktop\Ovos-para-Todos\backend\Views\templates\entregas\index.php on line 100
[27-Feb-2026 23:01:16 Europe/Berlin] PHP Warning:  Undefined array key "id_entrega" in C:\Users\Kezia\Desktop\Ovos-para-Todos\backend\Views\templates\entregas\index.php on line 71
[27-Feb-2026 23:01:16 Europe/Berlin] PHP Warning:  Undefined array key "id_entrega" in C:\Users\Kezia\Desktop\Ovos-para-Todos\backend\Views\templates\entregas\index.php on line 96
[27-Feb-2026 23:01:16 Europe/Berlin] PHP Warning:  Undefined array key "id_entrega" in C:\Users\Kezia\Desktop\Ovos-para-Todos\backend\Views\templates\entregas\index.php on line 100
[27-Feb-2026 23:01:16 Europe/Berlin] PHP Warning:  Undefined array key "id_entrega" in C:\Users\Kezia\Desktop\Ovos-para-Todos\backend\Views\templates\entregas\index.php on line 71
[27-Feb-2026 23:01:16 Europe/Berlin] PHP Warning:  Undefined array key "id_entrega" in C:\Users\Kezia\Desktop\Ovos-para-Todos\backend\Views\templates\entregas\index.php on line 96
[27-Feb-2026 23:01:16 Europe/Berlin] PHP Warning:  Undefined array key "id_entrega" in C:\Users\Kezia\Desktop\Ovos-para-Todos\backend\Views\templates\entregas\index.php on line 100
[27-Feb-2026 23:01:16 Europe/Berlin] PHP Warning:  Undefined array key "id_entrega" in C:\Users\Kezia\Desktop\Ovos-para-Todos\backend\Views\templates\entregas\index.php on line 71
[27-Feb-2026 23:01:16 Europe/Berlin] PHP Warning:  Undefined array key "id_entrega" in C:\Users\Kezia\Desktop\Ovos-para-Todos\backend\Views\templates\entregas\index.php on line 96
[27-Feb-2026 23:01:16 Europe/Berlin] PHP Warning:  Undefined array key "id_entrega" in C:\Users\Kezia\Desktop\Ovos-para-Todos\backend\Views\templates\entregas\index.php on line 100
[27-Feb-2026 23:01:16 Europe/Berlin] PHP Warning:  Undefined array key "id_entrega" in C:\Users\Kezia\Desktop\Ovos-para-Todos\backend\Views\templates\entregas\index.php on line 71
[27-Feb-2026 23:01:16 Europe/Berlin] PHP Warning:  Undefined array key "id_entrega" in C:\Users\Kezia\Desktop\Ovos-para-Todos\backend\Views\templates\entregas\index.php on line 96
[27-Feb-2026 23:01:16 Europe/Berlin] PHP Warning:  Undefined array key "id_entrega" in C:\Users\Kezia\Desktop\Ovos-para-Todos\backend\Views\templates\entregas\index.php on line 100
[27-Feb-2026 23:01:16 Europe/Berlin] PHP Warning:  Undefined array key "id_entrega" in C:\Users\Kezia\Desktop\Ovos-para-Todos\backend\Views\templates\entregas\index.php on line 71
[27-Feb-2026 23:01:16 Europe/Berlin] PHP Warning:  Undefined array key "id_entrega" in C:\Users\Kezia\Desktop\Ovos-para-Todos\backend\Views\templates\entregas\index.php on line 96
[27-Feb-2026 23:01:16 Europe/Berlin] PHP Warning:  Undefined array key "id_entrega" in C:\Users\Kezia\Desktop\Ovos-para-Todos\backend\Views\templates\entregas\index.php on line 100
[27-Feb-2026 23:01:16 Europe/Berlin] PHP Warning:  Undefined array key "id_entrega" in C:\Users\Kezia\Desktop\Ovos-para-Todos\backend\Views\templates\entregas\index.php on line 71
[27-Feb-2026 23:01:16 Europe/Berlin] PHP Warning:  Undefined array key "id_entrega" in C:\Users\Kezia\Desktop\Ovos-para-Todos\backend\Views\templates\entregas\index.php on line 96
[27-Feb-2026 23:01:16 Europe/Berlin] PHP Warning:  Undefined array key "id_entrega" in C:\Users\Kezia\Desktop\Ovos-para-Todos\backend\Views\templates\entregas\index.php on line 100
[27-Feb-2026 23:01:16 Europe/Berlin] PHP Warning:  Undefined array key "id_entrega" in C:\Users\Kezia\Desktop\Ovos-para-Todos\backend\Views\templates\entregas\index.php on line 71
[27-Feb-2026 23:01:16 Europe/Berlin] PHP Warning:  Undefined array key "id_entrega" in C:\Users\Kezia\Desktop\Ovos-para-Todos\backend\Views\templates\entregas\index.php on line 96
[27-Feb-2026 23:01:16 Europe/Berlin] PHP Warning:  Undefined array key "id_entrega" in C:\Users\Kezia\Desktop\Ovos-para-Todos\backend\Views\templates\entregas\index.php on line 100
[27-Feb-2026 23:01:16 Europe/Berlin] PHP Warning:  Undefined array key "id_entrega" in C:\Users\Kezia\Desktop\Ovos-para-Todos\backend\Views\templates\entregas\index.php on line 71
[27-Feb-2026 23:01:16 Europe/Berlin] PHP Warning:  Undefined array key "id_entrega" in C:\Users\Kezia\Desktop\Ovos-para-Todos\backend\Views\templates\entregas\index.php on line 96
[27-Feb-2026 23:01:16 Europe/Berlin] PHP Warning:  Undefined array key "id_entrega" in C:\Users\Kezia\Desktop\Ovos-para-Todos\backend\Views\templates\entregas\index.php on line 100
[27-Feb-2026 23:01:16 Europe/Berlin] PHP Warning:  Undefined array key "id_entrega" in C:\Users\Kezia\Desktop\Ovos-para-Todos\backend\Views\templates\entregas\index.php on line 71
[27-Feb-2026 23:01:16 Europe/Berlin] PHP Warning:  Undefined array key "id_entrega" in C:\Users\Kezia\Desktop\Ovos-para-Todos\backend\Views\templates\entregas\index.php on line 96
[27-Feb-2026 23:01:16 Europe/Berlin] PHP Warning:  Undefined array key "id_entrega" in C:\Users\Kezia\Desktop\Ovos-para-Todos\backend\Views\templates\entregas\index.php on line 100
[27-Feb-2026 23:03:33 Europe/Berlin] PHP Warning:  Undefined array key "nome_tipo_ovo" in C:\Users\Kezia\Desktop\Ovos-para-Todos\backend\Views\templates\tipo-ovo\index.php on line 67
[27-Feb-2026 23:03:33 Europe/Berlin] PHP Warning:  Undefined array key "nome_tipo_ovo" in C:\Users\Kezia\Desktop\Ovos-para-Todos\backend\Views\templates\tipo-ovo\index.php on line 67
[27-Feb-2026 23:03:33 Europe/Berlin] PHP Warning:  Undefined array key "nome_tipo_ovo" in C:\Users\Kezia\Desktop\Ovos-para-Todos\backend\Views\templates\tipo-ovo\index.php on line 67
[27-Feb-2026 23:03:33 Europe/Berlin] PHP Warning:  Undefined array key "nome_tipo_ovo" in C:\Users\Kezia\Desktop\Ovos-para-Todos\backend\Views\templates\tipo-ovo\index.php on line 67
[27-Feb-2026 23:03:33 Europe/Berlin] PHP Warning:  Undefined array key "nome_tipo_ovo" in C:\Users\Kezia\Desktop\Ovos-para-Todos\backend\Views\templates\tipo-ovo\index.php on line 67
[27-Feb-2026 23:03:33 Europe/Berlin] PHP Warning:  Undefined array key "nome_tipo_ovo" in C:\Users\Kezia\Desktop\Ovos-para-Todos\backend\Views\templates\tipo-ovo\index.php on line 67
[27-Feb-2026 23:03:33 Europe/Berlin] PHP Warning:  Undefined array key "nome_tipo_ovo" in C:\Users\Kezia\Desktop\Ovos-para-Todos\backend\Views\templates\tipo-ovo\index.php on line 67
[27-Feb-2026 23:03:33 Europe/Berlin] PHP Warning:  Undefined array key "nome_tipo_ovo" in C:\Users\Kezia\Desktop\Ovos-para-Todos\backend\Views\templates\tipo-ovo\index.php on line 67
[27-Feb-2026 23:03:33 Europe/Berlin] PHP Warning:  Undefined array key "nome_tipo_ovo" in C:\Users\Kezia\Desktop\Ovos-para-Todos\backend\Views\templates\tipo-ovo\index.php on line 67
[27-Feb-2026 23:03:33 Europe/Berlin] PHP Warning:  Undefined array key "nome_tipo_ovo" in C:\Users\Kezia\Desktop\Ovos-para-Todos\backend\Views\templates\tipo-ovo\index.php on line 67
[27-Feb-2026 23:03:33 Europe/Berlin] PHP Warning:  Undefined array key "nome_tipo_ovo" in C:\Users\Kezia\Desktop\Ovos-para-Todos\backend\Views\templates\tipo-ovo\index.php on line 67
[27-Feb-2026 23:03:33 Europe/Berlin] PHP Warning:  Undefined array key "nome_tipo_ovo" in C:\Users\Kezia\Desktop\Ovos-para-Todos\backend\Views\templates\tipo-ovo\index.php on line 67
[27-Feb-2026 23:03:33 Europe/Berlin] PHP Warning:  Undefined array key "nome_tipo_ovo" in C:\Users\Kezia\Desktop\Ovos-para-Todos\backend\Views\templates\tipo-ovo\index.php on line 67
[27-Feb-2026 23:03:33 Europe/Berlin] PHP Warning:  Undefined array key "nome_tipo_ovo" in C:\Users\Kezia\Desktop\Ovos-para-Todos\backend\Views\templates\tipo-ovo\index.php on line 67
[27-Feb-2026 23:03:33 Europe/Berlin] PHP Warning:  Undefined array key "nome_tipo_ovo" in C:\Users\Kezia\Desktop\Ovos-para-Todos\backend\Views\templates\tipo-ovo\index.php on line 67
[27-Feb-2026 23:03:33 Europe/Berlin] PHP Warning:  Undefined array key "nome_tipo_ovo" in C:\Users\Kezia\Desktop\Ovos-para-Todos\backend\Views\templates\tipo-ovo\index.php on line 67
[27-Feb-2026 23:03:33 Europe/Berlin] PHP Warning:  Undefined array key "nome_tipo_ovo" in C:\Users\Kezia\Desktop\Ovos-para-Todos\backend\Views\templates\tipo-ovo\index.php on line 67
[27-Feb-2026 23:03:33 Europe/Berlin] PHP Warning:  Undefined array key "nome_tipo_ovo" in C:\Users\Kezia\Desktop\Ovos-para-Todos\backend\Views\templates\tipo-ovo\index.php on line 67
[27-Feb-2026 23:03:33 Europe/Berlin] PHP Warning:  Undefined array key "nome_tipo_ovo" in C:\Users\Kezia\Desktop\Ovos-para-Todos\backend\Views\templates\tipo-ovo\index.php on line 67
[27-Feb-2026 23:03:33 Europe/Berlin] PHP Warning:  Undefined array key "nome_tipo_ovo" in C:\Users\Kezia\Desktop\Ovos-para-Todos\backend\Views\templates\tipo-ovo\index.php on line 67
